0:	INPUT
1:	STORE	0
2:	PUSH	1
3:	STORE	1
4:	PUSH	1
5:	STORE	2
6:	LOAD	2
7:	LOAD	0
8:	COMPARE	4
9:	JUMP_NO	19
10:	LOAD	1
11:	LOAD	2
12:	MULT
13:	STORE	1
14:	LOAD	2
15:	PUSH	1
16:	ADD
17:	STORE	2
18:	JUMP	6
19:	LOAD	1
20:	PRINT
21:	STOP
